{"cabal-version":"3.10.1.0","cabal-lib-version":"3.10.1.0","compiler-id":"ghc-9.4.5","os":"linux","arch":"x86_64","install-plan":[{"type":"configured","id":"OneTuple-0.4.1.1-e1611e67a77ed62be2ec0bb0e4f2f5591d45e517529330fc726f5ab10a4576cd","pkg-name":"OneTuple","pkg-version":"0.4.1.1","flags":{},"style":"global","pkg-src":{"type":"repo-tar","repo":{"type":"secure-repo","uri":"http://hackage.haskell.org/"}},"pkg-cabal-sha256":"be0324c77a0eaf1d48b771b7e86f2b19d53a9f5ecc6ab2c914dab7dad309c671","pkg-src-sha256":"c9e764d4ee1e57cad8341bd5d0de33ba3a52b6793fc1309679f2bf60c030bb2b","depends":["base-4.17.1.0","ghc-prim-0.9.0","template-haskell-2.19.0.0"],"exe-depends":[],"component-name":"lib"},{"type":"configured","id":"StateVar-1.2.2-e0abef6e7ef0a228327f8aa5d0d3fe191a15e630c0f4428125cd32906ec2c874","pkg-name":"StateVar","pkg-version":"1.2.2","flags":{},"style":"global","pkg-src":{"type":"repo-tar","repo":{"type":"secure-repo","uri":"http://hackage.haskell.org/"}},"pkg-cabal-sha256":"3c022c00485fe165e3080d5da6b3ca9c9b02f62c5deebc584d1b3d1309ce673e","pkg-src-sha256":"5e4b39da395656a59827b0280508aafdc70335798b50e5d6fd52596026251825","depends":["base-4.17.1.0","stm-2.5.1.0","transformers-0.5.6.2"],"exe-depends":[],"component-name":"lib"},{"type":"configured","id":"adjunctions-4.4.2-30a6f9da87d975a77df57b633b0a855c714d36b9b991ad99aaccf3b9dca24a77","pkg-name":"adjunctions","pkg-version":"4.4.2","flags":{},"style":"global","pkg-src":{"type":"repo-tar","repo":{"type":"secure-repo","uri":"http://hackage.haskell.org/"}},"pkg-cabal-sha256":"f77a007099851b948f6c98acc49753f4ec19ec234471acfce50386ec50402846","pkg-src-sha256":"147b5f8db810bca0ea8952ef974982ffc447cecd21f01e1ea1121df77e276518","depends":["array-0.5.4.0","base-4.17.1.0","comonad-5.0.8-6cb3f4448654fd71897be46d3465d8c7fa1a39af537933846a813a454f544e6f","containers-0.6.7","contravariant-1.5.5-4a01031fa32aeaaafb5a993ff12c5aae49a7048b53def00d8ffbce8626a29402","distributive-0.6.2.1-b88884e9ae4366d59a031348fcf2960a9ce1d18b0fcf6c7e0e8d8f4364ba47a1","free-5.2-4855bcd0ad7e82603c31deaf13e527f08d2291f59b45a174f004b9436ceecf29","mtl-2.2.2","profunctors-5.6.2-22f8d7e5445308599ec94352609ee7ee883ddfc20451986e1e4ec597ddad2588","semigroupoids-6.0.0.1-936f7665e7c03d49c6dda30ae1cef86cd16e99eb2fadcfbd4bdbe7f71cda5c34","semigroups-0.20-4d7ca4412bb6d4e28787e3e5a5adfb2334f52bd1ca711fae9ce125ecd840f480","tagged-0.8.7-30f24ec195f41e232935b2add088b2ba51bf77bd036ec5c97bd4bcdd8a4771a9","transformers-0.5.6.2","transformers-compat-0.7.2-b05be8a17a5850cb38f647c8dc32411c3f929013531c7a0210e21be2a6a1aa43","void-0.7.3-6933fdfcf89282f201310830a9efb2d5d15560c3de835cede7634c9a229f713c"],"exe-depends":[],"component-name":"lib"},{"type":"pre-existing","id":"array-0.5.4.0","pkg-name":"array","pkg-version":"0.5.4.0","depends":["base-4.17.1.0"]},{"type":"configured","id":"assoc-1.1-e0a28437f030ebcca571cb67a5dc888f5f778b291929d1933ae056097706ae94","pkg-name":"assoc","pkg-version":"1.1","flags":{"tagged":true},"style":"global","pkg-src":{"type":"repo-tar","repo":{"type":"secure-repo","uri":"http://hackage.haskell.org/"}},"pkg-cabal-sha256":"ac83c915110288bca295386daf834936b9fd16d654bea8d8898bf091626c5c82","pkg-src-sha256":"7aa2e6548b3d9d49a286ac20639479aaf6c47a1446113ed784d98737c5f60df4","depends":["base-4.17.1.0","tagged-0.8.7-30f24ec195f41e232935b2add088b2ba51bf77bd036ec5c97bd4bcdd8a4771a9"],"exe-depends":[],"component-name":"lib"},{"type":"pre-existing","id":"base-4.17.1.0","pkg-name":"base","pkg-version":"4.17.1.0","depends":["ghc-bignum-1.3","ghc-prim-0.9.0","rts-1.0.2"]},{"type":"configured","id":"base-orphans-0.9.0-b39f938d7dd25ca7d52a209bd3c194f8bc168ba8e9db3200b86e2791633b3579","pkg-name":"base-orphans","pkg-version":"0.9.0","flags":{},"style":"global","pkg-src":{"type":"repo-tar","repo":{"type":"secure-repo","uri":"http://hackage.haskell.org/"}},"pkg-cabal-sha256":"0bdd3486d3a1bcbed0513b46af4a13ca74b395313fa5b6e0068d6b7413b76a04","pkg-src-sha256":"613ed4d8241ed5a648a59ae6569a6962990bb545711d020d49fb83fa12d16e62","depends":["base-4.17.1.0","ghc-prim-0.9.0"],"exe-depends":[],"component-name":"lib"},{"type":"configured","id":"bifunctors-5.6.1-f39ba530857f17a3821a11258df076ea674a2ae495e80753da9c39900391078b","pkg-name":"bifunctors","pkg-version":"5.6.1","flags":{"tagged":true},"style":"global","pkg-src":{"type":"repo-tar","repo":{"type":"secure-repo","uri":"http://hackage.haskell.org/"}},"pkg-cabal-sha256":"686c0163a64c136226c1f6c58df7711af7f374c78c475e4b645f6e6b7ae39a38","pkg-src-sha256":"06381471b5be16516a1b2c4b21a5101a3d991038bface8e0cad144c0044d57fc","depends":["assoc-1.1-e0a28437f030ebcca571cb67a5dc888f5f778b291929d1933ae056097706ae94","base-4.17.1.0","comonad-5.0.8-6cb3f4448654fd71897be46d3465d8c7fa1a39af537933846a813a454f544e6f","containers-0.6.7","foldable1-classes-compat-0.1-f7b1f8b66a445e642c21fd035c2e456080f8053e8f8c15bdf7b87c90a82b63e9","tagged-0.8.7-30f24ec195f41e232935b2add088b2ba51bf77bd036ec5c97bd4bcdd8a4771a9","template-haskell-2.19.0.0","th-abstraction-0.5.0.0-f4fb842f96457f32b9235a70384287c415a088c2eefbf55836906825d12b718e","transformers-0.5.6.2"],"exe-depends":[],"component-name":"lib"},{"type":"pre-existing","id":"binary-0.8.9.1","pkg-name":"binary","pkg-version":"0.8.9.1","depends":["array-0.5.4.0","base-4.17.1.0","bytestring-0.11.4.0","containers-0.6.7"]},{"type":"pre-existing","id":"bytestring-0.11.4.0","pkg-name":"bytestring","pkg-version":"0.11.4.0","depends":["base-4.17.1.0","deepseq-1.4.8.0","ghc-prim-0.9.0","template-haskell-2.19.0.0"]},{"type":"configured","id":"call-stack-0.4.0-d268f078fa82b87c10ebc4a58289fa9f270b5dc9b81af27d4cacdfd573427a28","pkg-name":"call-stack","pkg-version":"0.4.0","flags":{},"style":"global","pkg-src":{"type":"repo-tar","repo":{"type":"secure-repo","uri":"http://hackage.haskell.org/"}},"pkg-cabal-sha256":"ac44d2c00931dc20b01750da8c92ec443eb63a7231e8550188cb2ac2385f7feb","pkg-src-sha256":"430bcf8a3404f7e55319573c0b807b1356946f0c8f289bb3d9afb279c636b87b","depends":["base-4.17.1.0"],"exe-depends":[],"component-name":"lib"},{"type":"configured","id":"comonad-5.0.8-6cb3f4448654fd71897be46d3465d8c7fa1a39af537933846a813a454f544e6f","pkg-name":"comonad","pkg-version":"5.0.8","flags":{"containers":true,"distributive":true,"indexed-traversable":true},"style":"global","pkg-src":{"type":"repo-tar","repo":{"type":"secure-repo","uri":"http://hackage.haskell.org/"}},"pkg-cabal-sha256":"1f1aabd73ec7f80f20cf078a748a60cd48d8e57277802fdf6a9ab3601a9b8f7e","pkg-src-sha256":"ef6cdf2cc292cc43ee6aa96c581b235fdea8ab44a0bffb24dc79ae2b2ef33d13","depends":["base-4.17.1.0","containers-0.6.7","distributive-0.6.2.1-b88884e9ae4366d59a031348fcf2960a9ce1d18b0fcf6c7e0e8d8f4364ba47a1","indexed-traversable-0.1.2.1-0505391f249b00d3d49b7c397ce20702cb416ce0667632bc3d065696e2a95ddb","tagged-0.8.7-30f24ec195f41e232935b2add088b2ba51bf77bd036ec5c97bd4bcdd8a4771a9","transformers-0.5.6.2","transformers-compat-0.7.2-b05be8a17a5850cb38f647c8dc32411c3f929013531c7a0210e21be2a6a1aa43"],"exe-depends":[],"component-name":"lib"},{"type":"pre-existing","id":"containers-0.6.7","pkg-name":"containers","pkg-version":"0.6.7","depends":["array-0.5.4.0","base-4.17.1.0","deepseq-1.4.8.0","template-haskell-2.19.0.0"]},{"type":"configured","id":"contravariant-1.5.5-4a01031fa32aeaaafb5a993ff12c5aae49a7048b53def00d8ffbce8626a29402","pkg-name":"contravariant","pkg-version":"1.5.5","flags":{"semigroups":true,"statevar":true,"tagged":true},"style":"global","pkg-src":{"type":"repo-tar","repo":{"type":"secure-repo","uri":"http://hackage.haskell.org/"}},"pkg-cabal-sha256":"470ed0e040e879e2da4af1b2c8f94e199f6135852a8107858d5ae0a95365835f","pkg-src-sha256":"062fd66580d7aad0b5ba93e644ffa7feee69276ef50f20d4ed9f1deb7642dffa","depends":["StateVar-1.2.2-e0abef6e7ef0a228327f8aa5d0d3fe191a15e630c0f4428125cd32906ec2c874","base-4.17.1.0","transformers-0.5.6.2"],"exe-depends":[],"component-name":"lib"},{"type":"pre-existing","id":"deepseq-1.4.8.0","pkg-name":"deepseq","pkg-version":"1.4.8.0","depends":["array-0.5.4.0","base-4.17.1.0","ghc-prim-0.9.0"]},{"type":"configured","id":"distributive-0.6.2.1-b88884e9ae4366d59a031348fcf2960a9ce1d18b0fcf6c7e0e8d8f4364ba47a1","pkg-name":"distributive","pkg-version":"0.6.2.1","flags":{"semigroups":true,"tagged":true},"style":"global","pkg-src":{"type":"repo-tar","repo":{"type":"secure-repo","uri":"http://hackage.haskell.org/"}},"pkg-cabal-sha256":"0f99f5541cca04acf89b64432b03422b6408e830a8dff30e6c4334ef1a48680c","pkg-src-sha256":"d7351392e078f58caa46630a4b9c643e1e2e9dddee45848c5c8358e7b1316b91","depends":["base-4.17.1.0","base-orphans-0.9.0-b39f938d7dd25ca7d52a209bd3c194f8bc168ba8e9db3200b86e2791633b3579","tagged-0.8.7-30f24ec195f41e232935b2add088b2ba51bf77bd036ec5c97bd4bcdd8a4771a9","transformers-0.5.6.2"],"exe-depends":[],"component-name":"lib"},{"type":"pre-existing","id":"exceptions-0.10.5","pkg-name":"exceptions","pkg-version":"0.10.5","depends":["base-4.17.1.0","mtl-2.2.2","stm-2.5.1.0","template-haskell-2.19.0.0","transformers-0.5.6.2"]},{"type":"pre-existing","id":"filepath-1.4.2.2","pkg-name":"filepath","pkg-version":"1.4.2.2","depends":["base-4.17.1.0"]},{"type":"configured","id":"foldable1-classes-compat-0.1-f7b1f8b66a445e642c21fd035c2e456080f8053e8f8c15bdf7b87c90a82b63e9","pkg-name":"foldable1-classes-compat","pkg-version":"0.1","flags":{"tagged":true},"style":"global","pkg-src":{"type":"repo-tar","repo":{"type":"secure-repo","uri":"http://hackage.haskell.org/"}},"pkg-cabal-sha256":"851225c0d4ccf6ca5e4df17347490945c9928548e431f15e7e7d80c240bc4d17","pkg-src-sha256":"d057c3f358e1a6b72c73519bc64ba6aa959f066c08fed69f73258555ef95ff12","depends":["base-4.17.1.0","containers-0.6.7","ghc-prim-0.9.0","tagged-0.8.7-30f24ec195f41e232935b2add088b2ba51bf77bd036ec5c97bd4bcdd8a4771a9","transformers-0.5.6.2"],"exe-depends":[],"component-name":"lib"},{"type":"configured","id":"free-5.2-4855bcd0ad7e82603c31deaf13e527f08d2291f59b45a174f004b9436ceecf29","pkg-name":"free","pkg-version":"5.2","flags":{},"style":"global","pkg-src":{"type":"repo-tar","repo":{"type":"secure-repo","uri":"http://hackage.haskell.org/"}},"pkg-cabal-sha256":"132b5fa680fffaed45603be3291549b65390dc6fec900839f322f87f8d35fc3e","pkg-src-sha256":"72867f7c89173263765736e8d395e94291f1aaea626ecb1d673d72ce90b94f89","depends":["base-4.17.1.0","comonad-5.0.8-6cb3f4448654fd71897be46d3465d8c7fa1a39af537933846a813a454f544e6f","containers-0.6.7","distributive-0.6.2.1-b88884e9ae4366d59a031348fcf2960a9ce1d18b0fcf6c7e0e8d8f4364ba47a1","exceptions-0.10.5","indexed-traversable-0.1.2.1-0505391f249b00d3d49b7c397ce20702cb416ce0667632bc3d065696e2a95ddb","mtl-2.2.2","profunctors-5.6.2-22f8d7e5445308599ec94352609ee7ee883ddfc20451986e1e4ec597ddad2588","semigroupoids-6.0.0.1-936f7665e7c03d49c6dda30ae1cef86cd16e99eb2fadcfbd4bdbe7f71cda5c34","template-haskell-2.19.0.0","th-abstraction-0.5.0.0-f4fb842f96457f32b9235a70384287c415a088c2eefbf55836906825d12b718e","transformers-0.5.6.2","transformers-base-0.4.6-9108948c73fb13b2b2323b51e541ea784201d4bd92ecef7e1c722ae378b96567"],"exe-depends":[],"component-name":"lib"},{"type":"pre-existing","id":"ghc-bignum-1.3","pkg-name":"ghc-bignum","pkg-version":"1.3","depends":["ghc-prim-0.9.0"]},{"type":"pre-existing","id":"ghc-boot-th-9.4.5","pkg-name":"ghc-boot-th","pkg-version":"9.4.5","depends":["base-4.17.1.0"]},{"type":"pre-existing","id":"ghc-prim-0.9.0","pkg-name":"ghc-prim","pkg-version":"0.9.0","depends":["rts-1.0.2"]},{"type":"configured","id":"hashable-1.4.3.0-37fea282e73b3a240cd260ae4ff2fe7516b32c564382d860d19fdf55e0d414c2","pkg-name":"hashable","pkg-version":"1.4.3.0","flags":{"integer-gmp":true,"random-initial-seed":false},"style":"global","pkg-src":{"type":"repo-tar","repo":{"type":"secure-repo","uri":"http://hackage.haskell.org/"}},"pkg-cabal-sha256":"a52a511968a4b7a73bb54d78a8d999d6fe71f433cbe1788bbfae71b5fe02150c","pkg-src-sha256":"32efb16c2891786209b7cbe5c39df9b3a9ae51e836f1a54f646bc4602b7ab0f5","depends":["base-4.17.1.0","bytestring-0.11.4.0","containers-0.6.7","deepseq-1.4.8.0","filepath-1.4.2.2","ghc-bignum-1.3","ghc-prim-0.9.0","text-2.0.2"],"exe-depends":[],"component-name":"lib"},{"type":"configured","id":"indexed-traversable-0.1.2.1-0505391f249b00d3d49b7c397ce20702cb416ce0667632bc3d065696e2a95ddb","pkg-name":"indexed-traversable","pkg-version":"0.1.2.1","flags":{},"style":"global","pkg-src":{"type":"repo-tar","repo":{"type":"secure-repo","uri":"http://hackage.haskell.org/"}},"pkg-cabal-sha256":"154b4649199a602dea948a93cb34a6c4be71576c4f78410733dd9f6bc79b6e0b","pkg-src-sha256":"fe854c10285debc7d6fe3e09da0928a740ebc091ad2911ae695bb007e6f746a4","depends":["array-0.5.4.0","base-4.17.1.0","containers-0.6.7","transformers-0.5.6.2"],"exe-depends":[],"component-name":"lib"},{"type":"configured","id":"indexed-traversable-instances-0.1.1.2-59ef8216657bca744ef2fe65b592fb1995efe5af8f9ee654c2edbd238d45606f","pkg-name":"indexed-traversable-instances","pkg-version":"0.1.1.2","flags":{},"style":"global","pkg-src":{"type":"repo-tar","repo":{"type":"secure-repo","uri":"http://hackage.haskell.org/"}},"pkg-cabal-sha256":"b493ed83623a7cba498d31a9d36beec233406f20377f1be3bb51d4ce3bd2ceef","pkg-src-sha256":"0f9b4e895ccc819f74d15f913c93613cc74cab74dbb05d7e305aa387bdbe374a","depends":["OneTuple-0.4.1.1-e1611e67a77ed62be2ec0bb0e4f2f5591d45e517529330fc726f5ab10a4576cd","base-4.17.1.0","indexed-traversable-0.1.2.1-0505391f249b00d3d49b7c397ce20702cb416ce0667632bc3d065696e2a95ddb","tagged-0.8.7-30f24ec195f41e232935b2add088b2ba51bf77bd036ec5c97bd4bcdd8a4771a9","unordered-containers-0.2.19.1-d24c37c689def916e86aa83074dbfab953e97becf1c2afe78f57aef91465933c","vector-0.13.0.0-45717532419dd6453c543dc13f2ef915f0749d24bb0e507a450dae190d54b958"],"exe-depends":[],"component-name":"lib"},{"type":"configured","id":"invariant-0.6.1-63e0db956995ea3ea001293e64ecd56ba6da512d254d0328f9cb057e8f91a3ee","pkg-name":"invariant","pkg-version":"0.6.1","flags":{},"style":"global","pkg-src":{"type":"repo-tar","repo":{"type":"secure-repo","uri":"http://hackage.haskell.org/"}},"pkg-cabal-sha256":"e70c2a1df4b676d6bfe38f32b46826bce3d62334a577a161f94fd3d9711cc5c4","pkg-src-sha256":"fb7294ade6554e9c6e77020f065f3acb63f78e62019e4830ea509c36c8b0d4f0","depends":["StateVar-1.2.2-e0abef6e7ef0a228327f8aa5d0d3fe191a15e630c0f4428125cd32906ec2c874","array-0.5.4.0","base-4.17.1.0","bifunctors-5.6.1-f39ba530857f17a3821a11258df076ea674a2ae495e80753da9c39900391078b","comonad-5.0.8-6cb3f4448654fd71897be46d3465d8c7fa1a39af537933846a813a454f544e6f","containers-0.6.7","contravariant-1.5.5-4a01031fa32aeaaafb5a993ff12c5aae49a7048b53def00d8ffbce8626a29402","ghc-prim-0.9.0","profunctors-5.6.2-22f8d7e5445308599ec94352609ee7ee883ddfc20451986e1e4ec597ddad2588","stm-2.5.1.0","tagged-0.8.7-30f24ec195f41e232935b2add088b2ba51bf77bd036ec5c97bd4bcdd8a4771a9","template-haskell-2.19.0.0","th-abstraction-0.5.0.0-f4fb842f96457f32b9235a70384287c415a088c2eefbf55836906825d12b718e","transformers-0.5.6.2","transformers-compat-0.7.2-b05be8a17a5850cb38f647c8dc32411c3f929013531c7a0210e21be2a6a1aa43","unordered-containers-0.2.19.1-d24c37c689def916e86aa83074dbfab953e97becf1c2afe78f57aef91465933c"],"exe-depends":[],"component-name":"lib"},{"type":"configured","id":"kan-extensions-5.2.5-84e226dc6d09f4cc6f3b591b505c44f2a0c8687e35cc3557af66eb484ebbbde4","pkg-name":"kan-extensions","pkg-version":"5.2.5","flags":{},"style":"global","pkg-src":{"type":"repo-tar","repo":{"type":"secure-repo","uri":"http://hackage.haskell.org/"}},"pkg-cabal-sha256":"22e283da87daaafd3caa5de9cf0661f01971cebcb35d93c4d8241c3edfae6ce5","pkg-src-sha256":"b914dccc040caf1d8764b99df1028dad3e4fdf46c262192e54b59c9da66ead22","depends":["adjunctions-4.4.2-30a6f9da87d975a77df57b633b0a855c714d36b9b991ad99aaccf3b9dca24a77","array-0.5.4.0","base-4.17.1.0","comonad-5.0.8-6cb3f4448654fd71897be46d3465d8c7fa1a39af537933846a813a454f544e6f","containers-0.6.7","contravariant-1.5.5-4a01031fa32aeaaafb5a993ff12c5aae49a7048b53def00d8ffbce8626a29402","distributive-0.6.2.1-b88884e9ae4366d59a031348fcf2960a9ce1d18b0fcf6c7e0e8d8f4364ba47a1","free-5.2-4855bcd0ad7e82603c31deaf13e527f08d2291f59b45a174f004b9436ceecf29","invariant-0.6.1-63e0db956995ea3ea001293e64ecd56ba6da512d254d0328f9cb057e8f91a3ee","mtl-2.2.2","profunctors-5.6.2-22f8d7e5445308599ec94352609ee7ee883ddfc20451986e1e4ec597ddad2588","semigroupoids-6.0.0.1-936f7665e7c03d49c6dda30ae1cef86cd16e99eb2fadcfbd4bdbe7f71cda5c34","tagged-0.8.7-30f24ec195f41e232935b2add088b2ba51bf77bd036ec5c97bd4bcdd8a4771a9","transformers-0.5.6.2","transformers-compat-0.7.2-b05be8a17a5850cb38f647c8dc32411c3f929013531c7a0210e21be2a6a1aa43"],"exe-depends":[],"component-name":"lib"},{"type":"configured","id":"lens-5.2.2-e9a2fe364ce9692d9e1e090f2038b5a7ce31fb07e83d3032d61b61625e2c4e12","pkg-name":"lens","pkg-version":"5.2.2","flags":{"benchmark-uniplate":false,"dump-splices":false,"inlining":true,"j":false,"test-hunit":true,"test-properties":true,"test-templates":true,"trustworthy":true},"style":"global","pkg-src":{"type":"repo-tar","repo":{"type":"secure-repo","uri":"http://hackage.haskell.org/"}},"pkg-cabal-sha256":"e01d5732173645b80f23a189a0f7e1f5cd0b2286de0ce20baf941cbf5c3b8435","pkg-src-sha256":"855c58c51935bd86e61c5886862fb36cb2dc4c63240d96d93c538e8f54ff76e3","depends":["array-0.5.4.0","assoc-1.1-e0a28437f030ebcca571cb67a5dc888f5f778b291929d1933ae056097706ae94","base-4.17.1.0","base-orphans-0.9.0-b39f938d7dd25ca7d52a209bd3c194f8bc168ba8e9db3200b86e2791633b3579","bifunctors-5.6.1-f39ba530857f17a3821a11258df076ea674a2ae495e80753da9c39900391078b","bytestring-0.11.4.0","call-stack-0.4.0-d268f078fa82b87c10ebc4a58289fa9f270b5dc9b81af27d4cacdfd573427a28","comonad-5.0.8-6cb3f4448654fd71897be46d3465d8c7fa1a39af537933846a813a454f544e6f","containers-0.6.7","contravariant-1.5.5-4a01031fa32aeaaafb5a993ff12c5aae49a7048b53def00d8ffbce8626a29402","distributive-0.6.2.1-b88884e9ae4366d59a031348fcf2960a9ce1d18b0fcf6c7e0e8d8f4364ba47a1","exceptions-0.10.5","filepath-1.4.2.2","free-5.2-4855bcd0ad7e82603c31deaf13e527f08d2291f59b45a174f004b9436ceecf29","ghc-prim-0.9.0","hashable-1.4.3.0-37fea282e73b3a240cd260ae4ff2fe7516b32c564382d860d19fdf55e0d414c2","indexed-traversable-0.1.2.1-0505391f249b00d3d49b7c397ce20702cb416ce0667632bc3d065696e2a95ddb","indexed-traversable-instances-0.1.1.2-59ef8216657bca744ef2fe65b592fb1995efe5af8f9ee654c2edbd238d45606f","kan-extensions-5.2.5-84e226dc6d09f4cc6f3b591b505c44f2a0c8687e35cc3557af66eb484ebbbde4","mtl-2.2.2","parallel-3.2.2.0-bb78cdbe37d8c2037ac850d0df5f79b5d1c8d67e1e6f1c9e89ea84f5be601261","profunctors-5.6.2-22f8d7e5445308599ec94352609ee7ee883ddfc20451986e1e4ec597ddad2588","reflection-2.1.7-5655f67bbf29baad3aba514446e1c5c836ac3b2faed1ba268af13d8c37f11ca6","semigroupoids-6.0.0.1-936f7665e7c03d49c6dda30ae1cef86cd16e99eb2fadcfbd4bdbe7f71cda5c34","strict-0.5-6623a0efcb1ed8de5ce2daacc5e007f0e92b4487d6b3cd4ddf612d1341787754","tagged-0.8.7-30f24ec195f41e232935b2add088b2ba51bf77bd036ec5c97bd4bcdd8a4771a9","template-haskell-2.19.0.0","text-2.0.2","th-abstraction-0.5.0.0-f4fb842f96457f32b9235a70384287c415a088c2eefbf55836906825d12b718e","these-1.2-6d6d75df4a25d8997293cba7608910df36e9976130672e22c85d9d675cc7f5f3","transformers-0.5.6.2","transformers-compat-0.7.2-b05be8a17a5850cb38f647c8dc32411c3f929013531c7a0210e21be2a6a1aa43","unordered-containers-0.2.19.1-d24c37c689def916e86aa83074dbfab953e97becf1c2afe78f57aef91465933c","vector-0.13.0.0-45717532419dd6453c543dc13f2ef915f0749d24bb0e507a450dae190d54b958"],"exe-depends":[],"component-name":"lib"},{"type":"pre-existing","id":"mtl-2.2.2","pkg-name":"mtl","pkg-version":"2.2.2","depends":["base-4.17.1.0","transformers-0.5.6.2"]},{"type":"configured","id":"parallel-3.2.2.0-bb78cdbe37d8c2037ac850d0df5f79b5d1c8d67e1e6f1c9e89ea84f5be601261","pkg-name":"parallel","pkg-version":"3.2.2.0","flags":{},"style":"global","pkg-src":{"type":"repo-tar","repo":{"type":"secure-repo","uri":"http://hackage.haskell.org/"}},"pkg-cabal-sha256":"c652c3c6e927ba461f40ee374f80e2e1ecfe833e950654d4303a3b15597624b8","pkg-src-sha256":"170453a71a2a8b31cca63125533f7771d7debeb639700bdabdd779c34d8a6ef6","depends":["array-0.5.4.0","base-4.17.1.0","containers-0.6.7","deepseq-1.4.8.0","ghc-prim-0.9.0"],"exe-depends":[],"component-name":"lib"},{"type":"pre-existing","id":"pretty-1.1.3.6","pkg-name":"pretty","pkg-version":"1.1.3.6","depends":["base-4.17.1.0","deepseq-1.4.8.0","ghc-prim-0.9.0"]},{"type":"configured","id":"primitive-0.8.0.0-211187599cff725317e299b747c780c346889529ec86d77458b3399dd533f17c","pkg-name":"primitive","pkg-version":"0.8.0.0","flags":{},"style":"global","pkg-src":{"type":"repo-tar","repo":{"type":"secure-repo","uri":"http://hackage.haskell.org/"}},"pkg-cabal-sha256":"826bf2a702a26ef87532a135808abad69d74f70ead39f26c06d034b1f0537a19","pkg-src-sha256":"5553c21b4a789f9b591eed69e598cc58484c274af29250e517b5a8bcc62b995f","depends":["base-4.17.1.0","deepseq-1.4.8.0","template-haskell-2.19.0.0","transformers-0.5.6.2"],"exe-depends":[],"component-name":"lib"},{"type":"configured","id":"profunctors-5.6.2-22f8d7e5445308599ec94352609ee7ee883ddfc20451986e1e4ec597ddad2588","pkg-name":"profunctors","pkg-version":"5.6.2","flags":{},"style":"global","pkg-src":{"type":"repo-tar","repo":{"type":"secure-repo","uri":"http://hackage.haskell.org/"}},"pkg-cabal-sha256":"e178ba4468982326656626e2089e296f64485e68fdddc9f4476dcd5d612b4f78","pkg-src-sha256":"65955d7b50525a4a3bccdab1d982d2ae342897fd38140d5a94b5ef3800d8c92a","depends":["base-4.17.1.0","base-orphans-0.9.0-b39f938d7dd25ca7d52a209bd3c194f8bc168ba8e9db3200b86e2791633b3579","bifunctors-5.6.1-f39ba530857f17a3821a11258df076ea674a2ae495e80753da9c39900391078b","comonad-5.0.8-6cb3f4448654fd71897be46d3465d8c7fa1a39af537933846a813a454f544e6f","contravariant-1.5.5-4a01031fa32aeaaafb5a993ff12c5aae49a7048b53def00d8ffbce8626a29402","distributive-0.6.2.1-b88884e9ae4366d59a031348fcf2960a9ce1d18b0fcf6c7e0e8d8f4364ba47a1","tagged-0.8.7-30f24ec195f41e232935b2add088b2ba51bf77bd036ec5c97bd4bcdd8a4771a9","transformers-0.5.6.2"],"exe-depends":[],"component-name":"lib"},{"type":"configured","id":"reflection-2.1.7-5655f67bbf29baad3aba514446e1c5c836ac3b2faed1ba268af13d8c37f11ca6","pkg-name":"reflection","pkg-version":"2.1.7","flags":{"slow":false,"template-haskell":true},"style":"global","pkg-src":{"type":"repo-tar","repo":{"type":"secure-repo","uri":"http://hackage.haskell.org/"}},"pkg-cabal-sha256":"3e6ff7b582e98d8c6f84387cb37627e94831646ddab0586786a9782fe799a5dc","pkg-src-sha256":"6cbb18a8b02871533bb8b641dc6f76813a097d94404e5808bb5d52b0f0e415fd","depends":["base-4.17.1.0","template-haskell-2.19.0.0"],"exe-depends":[],"component-name":"lib"},{"type":"pre-existing","id":"rts-1.0.2","pkg-name":"rts","pkg-version":"1.0.2","depends":[]},{"type":"configured","id":"semigroupoids-6.0.0.1-936f7665e7c03d49c6dda30ae1cef86cd16e99eb2fadcfbd4bdbe7f71cda5c34","pkg-name":"semigroupoids","pkg-version":"6.0.0.1","flags":{"comonad":true,"containers":true,"contravariant":true,"distributive":true,"tagged":true,"unordered-containers":true},"style":"global","pkg-src":{"type":"repo-tar","repo":{"type":"secure-repo","uri":"http://hackage.haskell.org/"}},"pkg-cabal-sha256":"3ca506912c2e1fe97930d1565a2eebb608de6bc7f49736119609d6a78058dc13","pkg-src-sha256":"7da38a9891bdf8205fd6522cdb712956b8c0bf5c52983da60295c8e057d77934","depends":["base-4.17.1.0","base-orphans-0.9.0-b39f938d7dd25ca7d52a209bd3c194f8bc168ba8e9db3200b86e2791633b3579","bifunctors-5.6.1-f39ba530857f17a3821a11258df076ea674a2ae495e80753da9c39900391078b","comonad-5.0.8-6cb3f4448654fd71897be46d3465d8c7fa1a39af537933846a813a454f544e6f","containers-0.6.7","contravariant-1.5.5-4a01031fa32aeaaafb5a993ff12c5aae49a7048b53def00d8ffbce8626a29402","distributive-0.6.2.1-b88884e9ae4366d59a031348fcf2960a9ce1d18b0fcf6c7e0e8d8f4364ba47a1","foldable1-classes-compat-0.1-f7b1f8b66a445e642c21fd035c2e456080f8053e8f8c15bdf7b87c90a82b63e9","hashable-1.4.3.0-37fea282e73b3a240cd260ae4ff2fe7516b32c564382d860d19fdf55e0d414c2","tagged-0.8.7-30f24ec195f41e232935b2add088b2ba51bf77bd036ec5c97bd4bcdd8a4771a9","template-haskell-2.19.0.0","transformers-0.5.6.2","transformers-compat-0.7.2-b05be8a17a5850cb38f647c8dc32411c3f929013531c7a0210e21be2a6a1aa43","unordered-containers-0.2.19.1-d24c37c689def916e86aa83074dbfab953e97becf1c2afe78f57aef91465933c"],"exe-depends":[],"component-name":"lib"},{"type":"configured","id":"semigroups-0.20-4d7ca4412bb6d4e28787e3e5a5adfb2334f52bd1ca711fae9ce125ecd840f480","pkg-name":"semigroups","pkg-version":"0.20","flags":{"binary":true,"bytestring":true,"bytestring-builder":false,"containers":true,"deepseq":true,"hashable":true,"tagged":true,"template-haskell":true,"text":true,"transformers":true,"unordered-containers":true},"style":"global","pkg-src":{"type":"repo-tar","repo":{"type":"secure-repo","uri":"http://hackage.haskell.org/"}},"pkg-cabal-sha256":"925341e6f7eb104cb490bef06eab93bb7995c7c67c51ee938185a2ddefa7aaf2","pkg-src-sha256":"902d2e33c96b40a89de5957f2a9e097197afcc35e257e45b32ebe770993673e1","depends":["base-4.17.1.0"],"exe-depends":[],"component-name":"lib"},{"type":"pre-existing","id":"stm-2.5.1.0","pkg-name":"stm","pkg-version":"2.5.1.0","depends":["array-0.5.4.0","base-4.17.1.0"]},{"type":"configured","id":"strict-0.5-6623a0efcb1ed8de5ce2daacc5e007f0e92b4487d6b3cd4ddf612d1341787754","pkg-name":"strict","pkg-version":"0.5","flags":{},"style":"global","pkg-src":{"type":"repo-tar","repo":{"type":"secure-repo","uri":"http://hackage.haskell.org/"}},"pkg-cabal-sha256":"76f07389001fa7a9036cbf13a1753c0f16556bde3b79c862a8bbe1201aac2326","pkg-src-sha256":"3f4f0995dec2d520d0e321542f71412dac023658fdab603db04364d75269a0fd","depends":["assoc-1.1-e0a28437f030ebcca571cb67a5dc888f5f778b291929d1933ae056097706ae94","base-4.17.1.0","binary-0.8.9.1","bytestring-0.11.4.0","deepseq-1.4.8.0","ghc-prim-0.9.0","hashable-1.4.3.0-37fea282e73b3a240cd260ae4ff2fe7516b32c564382d860d19fdf55e0d414c2","text-2.0.2","these-1.2-6d6d75df4a25d8997293cba7608910df36e9976130672e22c85d9d675cc7f5f3","transformers-0.5.6.2"],"exe-depends":[],"component-name":"lib"},{"type":"configured","id":"tagged-0.8.7-30f24ec195f41e232935b2add088b2ba51bf77bd036ec5c97bd4bcdd8a4771a9","pkg-name":"tagged","pkg-version":"0.8.7","flags":{"deepseq":true,"transformers":true},"style":"global","pkg-src":{"type":"repo-tar","repo":{"type":"secure-repo","uri":"http://hackage.haskell.org/"}},"pkg-cabal-sha256":"9013e1491dc0d291cb37c2845973293a03c230374f44792bfc96e14fdfb426dc","pkg-src-sha256":"6414eeac27a1633f49e2f78199ced99ce8ce3d70b658cf6d55b1d81ff60cb961","depends":["base-4.17.1.0","deepseq-1.4.8.0","template-haskell-2.19.0.0","transformers-0.5.6.2"],"exe-depends":[],"component-name":"lib"},{"type":"pre-existing","id":"template-haskell-2.19.0.0","pkg-name":"template-haskell","pkg-version":"2.19.0.0","depends":["base-4.17.1.0","ghc-boot-th-9.4.5","ghc-prim-0.9.0","pretty-1.1.3.6"]},{"type":"pre-existing","id":"text-2.0.2","pkg-name":"text","pkg-version":"2.0.2","depends":["array-0.5.4.0","base-4.17.1.0","binary-0.8.9.1","bytestring-0.11.4.0","deepseq-1.4.8.0","ghc-prim-0.9.0","template-haskell-2.19.0.0"]},{"type":"configured","id":"th-abstraction-0.5.0.0-f4fb842f96457f32b9235a70384287c415a088c2eefbf55836906825d12b718e","pkg-name":"th-abstraction","pkg-version":"0.5.0.0","flags":{},"style":"global","pkg-src":{"type":"repo-tar","repo":{"type":"secure-repo","uri":"http://hackage.haskell.org/"}},"pkg-cabal-sha256":"4351cadf6bf0ca80c90225bae0b12f4cfdd550f30c333b050186af5a8bc19457","pkg-src-sha256":"8258dc3ab7188af5826e2467032b52a931a3af4d8a93d4a094210e240a8a9964","depends":["base-4.17.1.0","containers-0.6.7","ghc-prim-0.9.0","template-haskell-2.19.0.0"],"exe-depends":[],"component-name":"lib"},{"type":"configured","id":"these-1.2-6d6d75df4a25d8997293cba7608910df36e9976130672e22c85d9d675cc7f5f3","pkg-name":"these","pkg-version":"1.2","flags":{},"style":"global","pkg-src":{"type":"repo-tar","repo":{"type":"secure-repo","uri":"http://hackage.haskell.org/"}},"pkg-cabal-sha256":"69206d92ed38c45da07a34a86b8fafbefc7cec511ca7003ba18736a61639d03b","pkg-src-sha256":"a8ed7174b7f790764360f48aab72fea382a6093ed369c7bc6881fae1abacd4b8","depends":["assoc-1.1-e0a28437f030ebcca571cb67a5dc888f5f778b291929d1933ae056097706ae94","base-4.17.1.0","binary-0.8.9.1","deepseq-1.4.8.0","foldable1-classes-compat-0.1-f7b1f8b66a445e642c21fd035c2e456080f8053e8f8c15bdf7b87c90a82b63e9","hashable-1.4.3.0-37fea282e73b3a240cd260ae4ff2fe7516b32c564382d860d19fdf55e0d414c2"],"exe-depends":[],"component-name":"lib"},{"type":"pre-existing","id":"transformers-0.5.6.2","pkg-name":"transformers","pkg-version":"0.5.6.2","depends":["base-4.17.1.0"]},{"type":"configured","id":"transformers-base-0.4.6-9108948c73fb13b2b2323b51e541ea784201d4bd92ecef7e1c722ae378b96567","pkg-name":"transformers-base","pkg-version":"0.4.6","flags":{"orphaninstances":true},"style":"global","pkg-src":{"type":"repo-tar","repo":{"type":"secure-repo","uri":"http://hackage.haskell.org/"}},"pkg-cabal-sha256":"6f18f320e371c8954c4b6b211e2fdd5d15a6d6310bd605b9d640f47ede408961","pkg-src-sha256":"323bf8689eb691b122661cffa41a25e00fea7a768433fe2dde35d3da7d32cf90","depends":["base-4.17.1.0","base-orphans-0.9.0-b39f938d7dd25ca7d52a209bd3c194f8bc168ba8e9db3200b86e2791633b3579","stm-2.5.1.0","transformers-0.5.6.2","transformers-compat-0.7.2-b05be8a17a5850cb38f647c8dc32411c3f929013531c7a0210e21be2a6a1aa43"],"exe-depends":[],"component-name":"lib"},{"type":"configured","id":"transformers-compat-0.7.2-b05be8a17a5850cb38f647c8dc32411c3f929013531c7a0210e21be2a6a1aa43","pkg-name":"transformers-compat","pkg-version":"0.7.2","flags":{"five":false,"five-three":true,"four":false,"generic-deriving":true,"mtl":true,"three":false,"two":false},"style":"global","pkg-src":{"type":"repo-tar","repo":{"type":"secure-repo","uri":"http://hackage.haskell.org/"}},"pkg-cabal-sha256":"044fb9955f63ee138fcebedfdcbe54afe741f2d5892a2d0bdf3a8052bd342643","pkg-src-sha256":"b62c7304c9f3cbc9463d0739aa85cb9489f217ea092b9d625d417514fbcc9d6a","depends":["base-4.17.1.0","ghc-prim-0.9.0","transformers-0.5.6.2"],"exe-depends":[],"component-name":"lib"},{"type":"configured","id":"unordered-containers-0.2.19.1-d24c37c689def916e86aa83074dbfab953e97becf1c2afe78f57aef91465933c","pkg-name":"unordered-containers","pkg-version":"0.2.19.1","flags":{"debug":false},"style":"global","pkg-src":{"type":"repo-tar","repo":{"type":"secure-repo","uri":"http://hackage.haskell.org/"}},"pkg-cabal-sha256":"9ad8972c2e913c37b1d4f0e1261517fd7a1b8c8a58077e057be69837e3dbaa00","pkg-src-sha256":"1b27bec5e0d522b27a6029ebf4c4a6d40acbc083c787008e32fb55c4b1d128d2","depends":["base-4.17.1.0","deepseq-1.4.8.0","hashable-1.4.3.0-37fea282e73b3a240cd260ae4ff2fe7516b32c564382d860d19fdf55e0d414c2","template-haskell-2.19.0.0"],"exe-depends":[],"component-name":"lib"},{"type":"configured","id":"vector-0.13.0.0-45717532419dd6453c543dc13f2ef915f0749d24bb0e507a450dae190d54b958","pkg-name":"vector","pkg-version":"0.13.0.0","flags":{"boundschecks":true,"internalchecks":false,"unsafechecks":false,"wall":false},"style":"global","pkg-src":{"type":"repo-tar","repo":{"type":"secure-repo","uri":"http://hackage.haskell.org/"}},"pkg-cabal-sha256":"bec2ae6c64e4da27ab4b1b5c21d40314f13f71ec2c9be5eb22f3441796318aa4","pkg-src-sha256":"c5d3167d15e12f52e00879ddf304a591672a74e369cc47bc5c7fa1d5a8d15b4f","depends":["base-4.17.1.0","deepseq-1.4.8.0","primitive-0.8.0.0-211187599cff725317e299b747c780c346889529ec86d77458b3399dd533f17c","vector-stream-0.1.0.0-7089620515557d479f030f3001ed5d31f50b77755b47e76b47e9ded9cb711699"],"exe-depends":[],"component-name":"lib"},{"type":"configured","id":"vector-stream-0.1.0.0-7089620515557d479f030f3001ed5d31f50b77755b47e76b47e9ded9cb711699","pkg-name":"vector-stream","pkg-version":"0.1.0.0","flags":{},"style":"global","pkg-src":{"type":"repo-tar","repo":{"type":"secure-repo","uri":"http://hackage.haskell.org/"}},"pkg-cabal-sha256":"f5d6d5291cd1b5f2f063403593f1f5c8127d692c888eedeb3e1eb40497a88dca","pkg-src-sha256":"a888210f6467f155090653734be5cc920406a07227e0d3adb59096716fdb806c","depends":["base-4.17.1.0","ghc-prim-0.9.0"],"exe-depends":[],"component-name":"lib"},{"type":"configured","id":"void-0.7.3-6933fdfcf89282f201310830a9efb2d5d15560c3de835cede7634c9a229f713c","pkg-name":"void","pkg-version":"0.7.3","flags":{"safe":false},"style":"global","pkg-src":{"type":"repo-tar","repo":{"type":"secure-repo","uri":"http://hackage.haskell.org/"}},"pkg-cabal-sha256":"13d30f62fcdf065e595d679d4ac8b4b0c1bb1a1b73db7b5b5a8f857cb5c8a546","pkg-src-sha256":"53af758ddc37dc63981671e503438d02c6f64a2d8744e9bec557a894431f7317","depends":["base-4.17.1.0"],"exe-depends":[],"component-name":"lib"}]}